> rest-express@1.0.0 start
> NODE_ENV=production node dist/index.js
2026-01-04 04:09:54 [warn]: STRIPE_SECRET_KEY not configured - billing features disabled {"service":"quantedge-api"}
2026-01-04 04:09:54 [info]: ðŸ“Š [CALIBRATION] Refreshing calibration cache from historical data... {"service":"quantedge-api"}
file:///opt/render/project/src/node_modules/openid-client/build/index.js:89
    const err = new TypeError(message, { cause });
                ^
TypeError: "clientId" must be a non-empty string
    at CodedTypeError (file:///opt/render/project/src/node_modules/openid-client/build/index.js:89:17)
    at new Configuration (file:///opt/render/project/src/node_modules/openid-client/build/index.js:463:19)
    at Module.discovery (file:///opt/render/project/src/node_modules/openid-client/build/index.js:244:22)
    at process.processTicksAndRejections (node:internal/process/task_queues:95:5)
    at async memoize.maxAge (file:///opt/render/project/src/dist/index.js:25328:12)
    at async setupAuth (file:///opt/render/project/src/dist/index.js:25383:18)
    at async registerRoutes (file:///opt/render/project/src/dist/index.js:27826:3)
    at async file:///opt/render/project/src/dist/index.js:38549:18 {
  code: 'ERR_INVALID_ARG_TYPE',
  [cause]: undefined
}
Node.js v20.19.6
==> Running 'npm run start'
> rest-express@1.0.0 start
> NODE_ENV=production node dist/index.js
2026-01-04 04:10:16 [warn]: STRIPE_SECRET_KEY not configured - billing features disabled {"service":"quantedge-api"}
2026-01-04 04:10:16 [info]: ðŸ“Š [CALIBRATION] Refreshing calibration cache from historical data... {"service":"quantedge-api"}
file:///opt/render/project/src/node_modules/openid-client/build/index.js:89
    const err = new TypeError(message, { cause });
                ^
TypeError: "clientId" must be a non-empty string
    at CodedTypeError (file:///opt/render/project/src/node_modules/openid-client/build/index.js:89:17)
    at new Configuration (file:///opt/render/project/src/node_modules/openid-client/build/index.js:463:19)
    at Module.discovery (file:///opt/render/project/src/node_modules/openid-client/build/index.js:244:22)
    at process.processTicksAndRejections (node:internal/process/task_queues:95:5)
    at async memoize.maxAge (file:///opt/render/project/src/dist/index.js:25328:12)
    at async setupAuth (file:///opt/render/project/src/dist/index.js:25383:18)
    at async registerRoutes (file:///opt/render/project/src/dist/index.js:27826:3)
    at async file:///opt/render/project/src/dist/index.js:38549:18 {
  code: 'ERR_INVALID_ARG_TYPE',
  [cause]: undefined
}
Node.js v20.19.6
../dist/public/assets/paper-trading-CmB9WYYr.js                      20.08 kB â”‚ gzip:   4.94 kB
../dist/public/assets/technical-guide-DVHNRzoi.js                    20.15 kB â”‚ gzip:   5.54 kB
../dist/public/assets/automations-D-EjWvAL.js                        20.66 kB â”‚ gzip:   3.85 kB
../dist/public/assets/ct-tracker-s7SvoTk6.js                         21.12 kB â”‚ gzip:   5.94 kB
../dist/public/assets/select-R6DF2kRW.js                             21.44 kB â”‚ gzip:   7.51 kB
../dist/public/assets/data-audit-center-ZgMhLY80.js                  22.23 kB â”‚ gzip:   4.71 kB
../dist/public/assets/purify.es-C5KSVp3G.js                          22.74 kB â”‚ gzip:   8.79 kB
../dist/public/assets/home-DZzDr_sk.js                               23.77 kB â”‚ gzip:   6.20 kB
../dist/public/assets/PieChart-ByBFq81_.js                           26.02 kB â”‚ gzip:   7.04 kB
../dist/public/assets/admin-reports-BsMag4cX.js                      26.52 kB â”‚ gzip:   5.40 kB
../dist/public/assets/futures-CvC8ivc8.js                            27.88 kB â”‚ gzip:   5.87 kB
../dist/public/assets/trade-audit-dfLg7ESU.js                        28.71 kB â”‚ gzip:   6.00 kB
../dist/public/assets/features-B90GBsMd.js                           28.95 kB â”‚ gzip:   5.18 kB
../dist/public/assets/calibration-curve-DHxChdM3.js                  30.78 kB â”‚ gzip:   8.42 kB
../dist/public/assets/pdf-export-BdmTLa5N.js                         38.05 kB â”‚ gzip:  11.93 kB
../dist/public/assets/landing-Bu6aPo8M.js                            40.88 kB â”‚ gzip:   8.32 kB
../dist/public/assets/performance-BpTrXpZh.js                        42.65 kB â”‚ gzip:   9.49 kB
../dist/public/assets/trading-rules-BCDeNscF.js                      43.54 kB â”‚ gzip:   5.63 kB
../dist/public/assets/chart-analysis-Cc2n5Q63.js                     63.68 kB â”‚ gzip:  15.07 kB
../dist/public/assets/blog-post-DJlRJLMI.js                          66.96 kB â”‚ gzip:  18.32 kB
../dist/public/assets/admin-VNMmgvNz.js                              70.87 kB â”‚ gzip:  14.54 kB
../dist/public/assets/market-CN0O0F1y.js                             75.00 kB â”‚ gzip:  16.90 kB
../dist/public/assets/form-CZT2t6Xs.js                               82.39 kB â”‚ gzip:  22.92 kB
../dist/public/assets/index-Dn9VSvex.js                             117.53 kB â”‚ gzip:  36.12 kB
../dist/public/assets/watchlist-bot-EedrXppq.js                     124.72 kB â”‚ gzip:  29.27 kB
../dist/public/assets/index.es-HZqnzW9U.js                          150.60 kB â”‚ gzip:  51.53 kB
../dist/public/assets/lightweight-charts.production-CJhR9a5F.js     172.10 kB â”‚ gzip:  55.36 kB
../dist/public/assets/trade-desk-BPmkg9zT.js                        193.91 kB â”‚ gzip:  47.72 kB
../dist/public/assets/html2canvas.esm-CBrSDip1.js                   201.42 kB â”‚ gzip:  48.03 kB
../dist/public/assets/generateCategoricalChart-CIcY6AWq.js          367.63 kB â”‚ gzip: 101.69 kB
../dist/public/assets/index-DX_tUuBd.js                             374.04 kB â”‚ gzip: 119.95 kB
../dist/public/assets/jspdf.es.min-BwbWI-23.js                      413.71 kB â”‚ gzip: 135.04 kB
../dist/public/assets/market-globe-huWF3jeT.js                      826.14 kB â”‚ gzip: 224.23 kB
(!) Some chunks are larger than 500 kB after minification. Consider:
- Using dynamic import() to code-split the application
- Use build.rollupOptions.output.manualChunks to improve chunking: https://rollupjs.org/configuration-options/#output-manualchunks
- Adjust chunk size limit for this warning via build.chunkSizeWarningLimit.
âœ“ built in 22.41s
  dist/index.js  1.5mb âš ï¸
âš¡ Done in 71ms
==> Uploading build...
==> Uploaded in 9.6s. Compression took 4.7s
==> Build successful ðŸŽ‰
==> Setting WEB_CONCURRENCY=1 by default, based on available CPUs in the instance
==> Deploying...
==> Running 'npm run start'
> rest-express@1.0.0 start
> NODE_ENV=production node dist/index.js
2026-01-04 04:09:54 [warn]: STRIPE_SECRET_KEY not configured - billing features disabled {"service":"quantedge-api"}
2026-01-04 04:09:54 [info]: ðŸ“Š [CALIBRATION] Refreshing calibration cache from historical data... {"service":"quantedge-api"}
file:///opt/render/project/src/node_modules/openid-client/build/index.js:89
    const err = new TypeError(message, { cause });
                ^
TypeError: "clientId" must be a non-empty string
    at CodedTypeError (file:///opt/render/project/src/node_modules/openid-client/build/index.js:89:17)
    at new Configuration (file:///opt/render/project/src/node_modules/openid-client/build/index.js:463:19)
    at Module.discovery (file:///opt/render/project/src/node_modules/openid-client/build/index.js:244:22)
    at process.processTicksAndRejections (node:internal/process/task_queues:95:5)
    at async memoize.maxAge (file:///opt/render/project/src/dist/index.js:25328:12)
    at async setupAuth (file:///opt/render/project/src/dist/index.js:25383:18)
    at async registerRoutes (file:///opt/render/project/src/dist/index.js:27826:3)
    at async file:///opt/render/project/src/dist/index.js:38549:18 {
  code: 'ERR_INVALID_ARG_TYPE',
  [cause]: undefined
}
Node.js v20.19.6
==> Exited with status 1
==> Common ways to troubleshoot your deploy: https://render.com/docs/troubleshooting-deploys
==> Running 'npm run start'
> rest-express@1.0.0 start
> NODE_ENV=production node dist/index.js
2026-01-04 04:10:16 [warn]: STRIPE_SECRET_KEY not configured - billing features disabled {"service":"quantedge-api"}
2026-01-04 04:10:16 [info]: ðŸ“Š [CALIBRATION] Refreshing calibration cache from historical data... {"service":"quantedge-api"}
file:///opt/render/project/src/node_modules/openid-client/build/index.js:89
    const err = new TypeError(message, { cause });
                ^
TypeError: "clientId" must be a non-empty string
    at CodedTypeError (file:///opt/render/project/src/node_modules/openid-client/build/index.js:89:17)
    at new Configuration (file:///opt/render/project/src/node_modules/openid-client/build/index.js:463:19)
    at Module.discovery (file:///opt/render/project/src/node_modules/openid-client/build/index.js:244:22)
    at process.processTicksAndRejections (node:internal/process/task_queues:95:5)
    at async memoize.maxAge (file:///opt/render/project/src/dist/index.js:25328:12)
    at async setupAuth (file:///opt/render/project/src/dist/index.js:25383:18)
    at async registerRoutes (file:///opt/render/project/src/dist/index.js:27826:3)
    at async file:///opt/render/project/src/dist/index.js:38549:18 {
  code: 'ERR_INVALID_ARG_TYPE',
  [cause]: undefined
}
Node.js v20.19.6
==> Running 'npm run start'
> rest-express@1.0.0 start
> NODE_ENV=production node dist/index.js
==> Exited with status 1
==> Common ways to troubleshoot your deploy: https://render.com/docs/troubleshooting-deploys
2026-01-04 04:09:54 [warn]: STRIPE_SECRET_KEY not configured - billing features disabled {"service":"quantedge-api"}
2026-01-04 04:09:54 [info]: ðŸ“Š [CALIBRATION] Refreshing calibration cache from historical data... {"service":"quantedge-api"}
file:///opt/render/project/src/node_modules/openid-client/build/index.js:89
    const err = new TypeError(message, { cause });
                ^
TypeError: "clientId" must be a non-empty string
    at CodedTypeError (file:///opt/render/project/src/node_modules/openid-client/build/index.js:89:17)
    at new Configuration (file:///opt/render/project/src/node_modules/openid-client/build/index.js:463:19)
    at Module.discovery (file:///opt/render/project/src/node_modules/openid-client/build/index.js:244:22)
    at process.processTicksAndRejections (node:internal/process/task_queues:95:5)
    at async memoize.maxAge (file:///opt/render/project/src/dist/index.js:25328:12)
    at async setupAuth (file:///opt/render/project/src/dist/index.js:25383:18)
    at async registerRoutes (file:///opt/render/project/src/dist/index.js:27826:3)
    at async file:///opt/render/project/src/dist/index.js:38549:18 {
  code: 'ERR_INVALID_ARG_TYPE',
  [cause]: undefined
}
Node.js v20.19.6
==> Running 'npm run start'
> rest-express@1.0.0 start
> NODE_ENV=production node dist/index.js
2026-01-04 04:10:16 [warn]: STRIPE_SECRET_KEY not configured - billing features disabled {"service":"quantedge-api"}
2026-01-04 04:10:16 [info]: ðŸ“Š [CALIBRATION] Refreshing calibration cache from historical data... {"service":"quantedge-api"}
file:///opt/render/project/src/node_modules/openid-client/build/index.js:89
    const err = new TypeError(message, { cause });
                ^
TypeError: "clientId" must be a non-empty string
    at CodedTypeError (file:///opt/render/project/src/node_modules/openid-client/build/index.js:89:17)
    at new Configuration (file:///opt/render/project/src/node_modules/openid-client/build/index.js:463:19)
    at Module.discovery (file:///opt/render/project/src/node_modules/openid-client/build/index.js:244:22)
    at process.processTicksAndRejections (node:internal/process/task_queues:95:5)
    at async memoize.maxAge (file:///opt/render/project/src/dist/index.js:25328:12)
    at async setupAuth (file:///opt/render/project/src/dist/index.js:25383:18)
    at async registerRoutes (file:///opt/render/project/src/dist/index.js:27826:3)
    at async file:///opt/render/project/src/dist/index.js:38549:18 {
  code: 'ERR_INVALID_ARG_TYPE',
  [cause]: undefined
}
Node.js v20.19.6